[ffdiamantes.com/p/gerador-de-codiguin-free-fire.html]
[cdn.onesignal.com/sdks/OneSignalSDK.js]
[pagead2.googlesyndication.com/pagead/js/fd889.txt]
[backblue.gif]
[fade.gif]
[index.html]
[ffdiamantes.com/p/plump-webfont.html]
[ffdiamantes.com/p/plump-webfont.woff]
[ffdiamantes.com/p/ajax.googleapis.com/ajax/libs/jquery/3.3.1/jquery.min.js]
[ffdiamantes.com/p/fonts.googleapis.com/cssaa28aa28aa28aa28aa28.css]
[ffdiamantes.com/p/fonts.googleapis.com/icone91fe91fe91fe91fe91f.css]
[ffdiamantes.com/p/cdnjs.cloudflare.com/ajax/libs/materialize/1.0.0/css/materialize.min.css]
[ffdiamantes.com/p/cdnjs.cloudflare.com/ajax/libs/materialize/1.0.0/js/materialize.min.js]
[1.bp.blogspot.com/-3oOda3GHvC8/YRVIUPDbuzI/AAAAAAAAK-k/qPfgBmCjUT4Afq2EXlsHXu5E400BxAJBQCLcBGAsYHQ/w400-h270/gerador-codiguin.jpeg]
[1.bp.blogspot.com/-N7y-EPPvsIs/YQsbE5ZHBmI/AAAAAAAAALU/-rx_uvjKqCQM2Y9VJ91sra8eZGrcLla0QCLcBGAsYHQ/w320-h181/CODIGUIN.png]
[1.bp.blogspot.com/-3yhVeAhJPeM/YRGuV8Bab6I/AAAAAAAAK9o/iv7gEtlkxF4xLDpOwqyAOOZdM1r91kwtwCLcBGAsYHQ/s750/resgatar-codiguin-free-fire-3.jpg]
[ffdiamantes.com/p/gerador-de-codiguin-free-fire.html]
[ffdiamantes.com/p/plump-webfont.html]
[ffdiamantes.com/p/plump-webfont-2.html]
[ffdiamantes.com/p/ajax.googleapis.com/ajax/libs/jquery/3.3.1/jquery.min.html]
[ffdiamantes.com/p/fonts.googleapis.com/cssaa28aa28aa28aa28aa28.html]
[ffdiamantes.com/p/fonts.googleapis.com/icone91fe91fe91fe91fe91f.html]
[ffdiamantes.com/p/cdnjs.cloudflare.com/ajax/libs/materialize/1.0.0/css/materialize.min.html]
[ffdiamantes.com/p/cdnjs.cloudflare.com/ajax/libs/materialize/1.0.0/js/materialize.min.html]
